
<!DOCTYPE html>
<html lang="en">

<head>
  <meta charset="UTF-8">
  <meta name="viewport" content="width=device-width, initial-scale=1">
  <meta name="description" content="like and subscribe">
  <title>padulkem.id</title>
</head>

<body>
  <nav role="navigation">
    <div>
      <h1>building padulkem.id</h1>
      <ul>
        <li><a href="/">home</a></li>
        <li><a href="about">about</a></li>
        <li><a href="archive">archive</a></li>
      </ul>
    </div>
  </nav>
<main>

<h1>hello this is a title!</h1>

<p>this is a description</p>

Tags: <ul><li>go</li><li>tdd</li></ul>

<hr></hr>
<div>
  this is a body
</div>

</main>
<footer>
  <ul>
    <li><a href="https://github.com/padulkemid">github</a></li>
  </ul>
</footer>
</body>
</html>

